[2022-07-24T17:09:45.357+0000][24136][gc,init] CardTable entry size: 512
[2022-07-24T17:09:45.358+0000][24136][gc     ] Using G1
[2022-07-24T17:09:45.719+0000][24136][gc,init] Version: 18.0.1.1+2-6 (release)
[2022-07-24T17:09:45.719+0000][24136][gc,init] CPUs: 12 total, 12 available
[2022-07-24T17:09:45.719+0000][24136][gc,init] Memory: 16241M
[2022-07-24T17:09:45.719+0000][24136][gc,init] Large Page Support: Disabled
[2022-07-24T17:09:45.719+0000][24136][gc,init] NUMA Support: Disabled
[2022-07-24T17:09:45.719+0000][24136][gc,init] Compressed Oops: Enabled (32-bit)
[2022-07-24T17:09:45.719+0000][24136][gc,init] Heap Region Size: 1M
[2022-07-24T17:09:45.719+0000][24136][gc,init] Heap Min Capacity: 1G
[2022-07-24T17:09:45.719+0000][24136][gc,init] Heap Initial Capacity: 1G
[2022-07-24T17:09:45.719+0000][24136][gc,init] Heap Max Capacity: 1G
[2022-07-24T17:09:45.719+0000][24136][gc,init] Pre-touch: Enabled
[2022-07-24T17:09:45.719+0000][24136][gc,init] Parallel Workers: 10
[2022-07-24T17:09:45.719+0000][24136][gc,init] Concurrent Workers: 3
[2022-07-24T17:09:45.720+0000][24136][gc,init] Concurrent Refinement Workers: 10
[2022-07-24T17:09:45.720+0000][24136][gc,init] Periodic GC: Disabled
[2022-07-24T17:09:45.720+0000][24136][gc,metaspace] CDS archive(s) mapped at: [0x0000000800000000-0x0000000800b90000-0x0000000800b90000), size 12124160, SharedBaseAddress: 0x0000000800000000, ArchiveRelocationMode: 0.
[2022-07-24T17:09:45.720+0000][24136][gc,metaspace] Compressed class space mapped at: 0x0000000800c00000-0x0000000840c00000, reserved size: 1073741824
[2022-07-24T17:09:45.720+0000][24136][gc,metaspace] Narrow klass base: 0x0000000800000000, Narrow klass shift: 0, Narrow klass range: 0x100000000
[2022-07-24T17:09:45.816+0000][24136][gc,heap,exit] Heap
[2022-07-24T17:09:45.816+0000][24136][gc,heap,exit]  garbage-first heap   total 1048576K, used 6144K [0x00000000c0000000, 0x0000000100000000)
[2022-07-24T17:09:45.816+0000][24136][gc,heap,exit]   region size 1024K, 5 young (5120K), 0 survivors (0K)
[2022-07-24T17:09:45.816+0000][24136][gc,heap,exit]  Metaspace       used 606K, committed 768K, reserved 1114112K
[2022-07-24T17:09:45.816+0000][24136][gc,heap,exit]   class space    used 50K, committed 128K, reserved 1048576K
